package Simple1
class C() extends scala.AnyRef() {
  def foo: Int = {
    val x: Int = 2
    val y: Int = 3
    x.+(y)
  }
}