package Simple1
class C() extends scala.AnyRef() {
  def foo = {
    val x: Int = 2
    val y = 3
    x.+(y)
  }
}