package Simple12
object M extends scala.AnyRef() { List(1, 2, 3).map(x => x.*(x)) }