package Simple5
object M extends scala.AnyRef() {
  def foo(xs: List[Int]): List[Int] = xs match {
    case xs @ _: List[Int] => xs
    case xs @ _ => xs
    case xs @ _ => xs
    case immutable.this.List.unapplySeq[Int](x @ _, y @ _, z @ _) => xs
    case _ => xs
  }
}