package Simple5
object M extends scala.AnyRef() {
  def foo(xs: List[Int]) = xs match {
    case xs @ _: List[Int] => xs
    case xs @ _ => xs
    case xs @ _ => xs
    case List(x @ _, y @ _, z @ _) => xs
    case _ => xs
  }
}