package Simple4
object M extends scala.AnyRef() {
  def foo[T](x: T) = $qmark$qmark$qmark
  foo(42)
}